ExitFailure 1Exception in thread "main" java.lang.NoClassDefFoundError: main/Main
	at eta.main.main(Unknown Source)
Caused by: java.lang.ClassNotFoundException: main.Main
	at java.net.URLClassLoader.findClass(URLClassLoader.java:381)
	at java.lang.ClassLoader.loadClass(ClassLoader.java:424)
	at sun.misc.Launcher$AppClassLoader.loadClass(Launcher.java:331)
	at java.lang.ClassLoader.loadClass(ClassLoader.java:357)
	... 1 more
