ExitFailure 1Error: Could not find or load main class eta.main
